01-Jul-2026 15:43:56.950 INFO [main] org.apache.catalina.startup.VersionLoggerListener.log Server version name:   Apache Tomcat/9.0.117
01-Jul-2026 15:43:56.955 INFO [main] org.apache.catalina.startup.VersionLoggerListener.log Server built:          Mar 30 2026 18:21:16 UTC
01-Jul-2026 15:43:56.955 INFO [main] org.apache.catalina.startup.VersionLoggerListener.log Server version number: 9.0.117.0
01-Jul-2026 15:43:56.955 INFO [main] org.apache.catalina.startup.VersionLoggerListener.log OS Name:               Windows 11
01-Jul-2026 15:43:56.955 INFO [main] org.apache.catalina.startup.VersionLoggerListener.log OS Version:            10.0
01-Jul-2026 15:43:56.955 INFO [main] org.apache.catalina.startup.VersionLoggerListener.log Architecture:          amd64
01-Jul-2026 15:43:56.955 INFO [main] org.apache.catalina.startup.VersionLoggerListener.log Java Home:             C:\Users\acer\.jdks\ms-21.0.11
01-Jul-2026 15:43:56.956 INFO [main] org.apache.catalina.startup.VersionLoggerListener.log JVM Version:           21.0.11+10-LTS
01-Jul-2026 15:43:56.956 INFO [main] org.apache.catalina.startup.VersionLoggerListener.log JVM Vendor:            Microsoft
01-Jul-2026 15:43:56.956 INFO [main] org.apache.catalina.startup.VersionLoggerListener.log CATALINA_BASE:         D:\gitstudy\AppTuyenDung
01-Jul-2026 15:43:56.956 INFO [main] org.apache.catalina.startup.VersionLoggerListener.log CATALINA_HOME:         C:\code\apache-tomcat-9.0.117
01-Jul-2026 15:43:56.966 INFO [main] org.apache.catalina.startup.VersionLoggerListener.log Command line argument: --add-opens=java.base/java.lang=ALL-UNNAMED
01-Jul-2026 15:43:56.966 INFO [main] org.apache.catalina.startup.VersionLoggerListener.log Command line argument: --add-opens=java.base/java.io=ALL-UNNAMED
01-Jul-2026 15:43:56.966 INFO [main] org.apache.catalina.startup.VersionLoggerListener.log Command line argument: --add-opens=java.base/java.util=ALL-UNNAMED
01-Jul-2026 15:43:56.966 INFO [main] org.apache.catalina.startup.VersionLoggerListener.log Command line argument: --add-opens=java.base/java.util.concurrent=ALL-UNNAMED
01-Jul-2026 15:43:56.966 INFO [main] org.apache.catalina.startup.VersionLoggerListener.log Command line argument: --add-opens=java.rmi/sun.rmi.transport=ALL-UNNAMED
01-Jul-2026 15:43:56.966 INFO [main] org.apache.catalina.startup.VersionLoggerListener.log Command line argument: -Dcatalina.home=C:\code\apache-tomcat-9.0.117
01-Jul-2026 15:43:56.966 INFO [main] org.apache.catalina.startup.VersionLoggerListener.log Command line argument: -Dcatalina.base=D:\gitstudy\AppTuyenDung
01-Jul-2026 15:43:56.967 INFO [main] org.apache.catalina.startup.VersionLoggerListener.log Command line argument: -Djava.io.tmpdir=D:\gitstudy\AppTuyenDung\temp
01-Jul-2026 15:43:56.967 INFO [main] org.apache.catalina.startup.VersionLoggerListener.log Command line argument: -Djava.util.logging.config.file=D:\gitstudy\AppTuyenDung\conf\logging.properties
01-Jul-2026 15:43:56.967 INFO [main] org.apache.catalina.startup.VersionLoggerListener.log Command line argument: -Djava.util.logging.manager=org.apache.juli.ClassLoaderLogManager
01-Jul-2026 15:43:56.967 INFO [main] org.apache.catalina.startup.VersionLoggerListener.log Command line argument: -javaagent:C:\code\IntelliJ IDEA 2026.1.1\lib\idea_rt.jar=54149
01-Jul-2026 15:43:56.967 INFO [main] org.apache.catalina.startup.VersionLoggerListener.log Command line argument: -Dfile.encoding=UTF-8
01-Jul-2026 15:43:56.967 INFO [main] org.apache.catalina.startup.VersionLoggerListener.log Command line argument: -Dsun.stdout.encoding=UTF-8
01-Jul-2026 15:43:56.967 INFO [main] org.apache.catalina.startup.VersionLoggerListener.log Command line argument: -Dsun.stderr.encoding=UTF-8
01-Jul-2026 15:43:57.072 INFO [main] org.apache.catalina.core.AprLifecycleListener.lifecycleEvent Loaded Apache Tomcat Native library [1.3.7] using APR version [1.7.6].
01-Jul-2026 15:43:57.072 INFO [main] org.apache.catalina.core.AprLifecycleListener.lifecycleEvent APR capabilities: IPv6 [true], sendfile [true], accept filters [false], random [true], UDS [true].
01-Jul-2026 15:43:57.072 INFO [main] org.apache.catalina.core.AprLifecycleListener.lifecycleEvent APR/OpenSSL configuration: useAprConnector [false], useOpenSSL [true]
01-Jul-2026 15:43:57.085 INFO [main] org.apache.catalina.core.AprLifecycleListener.initializeSSL OpenSSL successfully initialized [OpenSSL 3.0.19 27 Jan 2026]
01-Jul-2026 15:43:57.650 INFO [main] org.apache.coyote.AbstractProtocol.init Initializing ProtocolHandler ["http-nio-8080"]
01-Jul-2026 15:43:57.684 INFO [main] org.apache.catalina.startup.Catalina.load Server initialization in [1015] milliseconds
01-Jul-2026 15:43:57.764 INFO [main] org.apache.catalina.core.StandardService.startInternal Starting service [Catalina]
01-Jul-2026 15:43:57.764 INFO [main] org.apache.catalina.core.StandardEngine.startInternal Starting Servlet engine: [Apache Tomcat/9.0.117]
01-Jul-2026 15:43:57.783 INFO [main] org.apache.catalina.startup.HostConfig.deployDescriptor Deploying deployment descriptor [D:\gitstudy\AppTuyenDung\conf\Catalina\localhost\webtuyendung.xml]
01-Jul-2026 15:43:58.203 INFO [main] org.apache.catalina.startup.HostConfig.deployDescriptor Deployment of deployment descriptor [D:\gitstudy\AppTuyenDung\conf\Catalina\localhost\webtuyendung.xml] has finished in [419] ms
01-Jul-2026 15:43:58.207 INFO [main] org.apache.coyote.AbstractProtocol.start Starting ProtocolHandler ["http-nio-8080"]
01-Jul-2026 15:43:58.252 INFO [main] org.apache.catalina.startup.Catalina.start Server startup in [565] milliseconds
01-Jul-2026 15:44:42.111 INFO [Thread-1] org.apache.coyote.AbstractProtocol.pause Pausing ProtocolHandler ["http-nio-8080"]
01-Jul-2026 15:44:42.123 INFO [Thread-1] org.apache.catalina.core.StandardService.stopInternal Stopping service [Catalina]
01-Jul-2026 15:44:42.151 INFO [Thread-1] org.apache.coyote.AbstractProtocol.stop Stopping ProtocolHandler ["http-nio-8080"]
01-Jul-2026 15:44:42.168 INFO [Thread-1] org.apache.coyote.AbstractProtocol.destroy Destroying ProtocolHandler ["http-nio-8080"]
